// Jest Snapshot v1, https://goo.gl/fbAQLP

exports[`produces correct output 1`] = `
"Started
.F

Failures:
1) jasmine with spock failing test
  Message:
    AssertionError [ERR_ASSERTION]: (x === double(2)) is not truthy   # jasmine.js:11
      
      _assert(x === double(2), \\"(x === double(2)) is not truthy\\")
              | |   |                                            
              | |   4                                            
              3 false                                            
      
      [number] double(2)
      => 4
      [number] x
      => 3
      
  "
`;
