// Jest Snapshot v1, https://goo.gl/fbAQLP

exports[`generates code that looks hand-written 1`] = `
"import assert from \\"assert\\";
import * as sinon from 'sinon';
import { env } from 'process';
const {
  suite
} = env;

if (suite === 'assertion') {
  assert(1 === 1, \\"(1 === 1) is not truthy\\");
  assert(2 === 2, \\"(2 === 2) is not truthy\\");
  assert(3 === 4, \\"(3 === 4) is not truthy\\");
}

if (suite === 'interaction') {
  const obj = {
    method: () => {}
  };
  const m = sinon.mock(obj);
  m.expects(\\"method\\").withArgs().atLeast(2).atMost(2);
  obj.method();
  m.verify();
}
"
`;
