// Jest Snapshot v1, https://goo.gl/fbAQLP

exports[`produces slightly too verbose output by default 1`] = `
"  ● failing test

    assert.equal(received, expected) or assert(received) 
    
    Expected value to be (operator: ==):
      true
    Received:
      false
      
      _assert(x === double(2))
              | |   |         
              | |   4         
              3 false         
      
      [number] double(2)
      => 4
      [number] x
      => 3
"
`;
