// Jest Snapshot v1, https://goo.gl/fbAQLP

exports[`produces slightly too verbose output by default 1`] = `
"  ● failing test

    assert.equal(received, expected) or assert(received) 

    Expected value to be equal to:
      true
    Received:
      false

    Message:
      (x === double(2)) is not truthy   # jest.js:10
      
      _assert(x === double(2), \\"(x === double(2)) is not truthy\\")
              | |   |                                            
              | |   4                                            
              3 false                                            
      
      [number] double(2)
      => 4
      [number] x
      => 3
"
`;
