// Jest Snapshot v1, https://goo.gl/fbAQLP

exports[`produces clean output with runner-ava preset 1`] = `
"
    successful test
    failing test 

  1 test failed

  failing test

  <FILEPATH HIDDEN>:12

   11:   when: x = 3;          
   12:   then: x === double(2);
   13: });                     

  Value is not truthy:

  false

  x === double(2)
  => false

  double(2)
  => 4

  x
  => 3

  Test.t [as fn] (ava.js:12:9)
  Object.<anonymous> (LOCATION HIDDEN)

"
`;
